#
# There is insufficient memory for the Java Runtime Environment to continue.
# Native memory allocation (malloc) failed to allocate 748544 bytes. Error detail: Chunk::new
# Possible reasons:
#   The system is out of physical RAM or swap space
#   This process is running with CompressedOops enabled, and the Java Heap may be blocking the growth of the native heap
# Possible solutions:
#   Reduce memory load on the system
#   Increase physical memory or swap space
#   Check if swap backing store is full
#   Decrease Java heap size (-Xmx/-Xms)
#   Decrease number of Java threads
#   Decrease Java thread stack sizes (-Xss)
#   Set larger code cache with -XX:ReservedCodeCacheSize=
#   JVM is running with Zero Based Compressed Oops mode in which the Java heap is
#     placed in the first 32GB address space. The Java Heap base address is the
#     maximum limit for the native heap growth. Please use -XX:HeapBaseMinAddress
#     to set the Java Heap base and to place the Java Heap above 32GB virtual address.
# This output file may be truncated or incomplete.
#
#  Out of Memory Error (arena.cpp:168), pid=29064, tid=8736
#
# JRE version: OpenJDK Runtime Environment Temurin-21.0.10+7 (21.0.10+7) (build 21.0.10+7-LTS)
# Java VM: OpenJDK 64-Bit Server VM Temurin-21.0.10+7 (21.0.10+7-LTS, mixed mode, sharing, tiered, compressed oops, compressed class ptrs, g1 gc, windows-amd64)
# No core dump will be written. Minidumps are not enabled by default on client versions of Windows
#

---------------  S U M M A R Y ------------

Command Line: -Dfile.encoding=UTF-8 -Dstdout.encoding=UTF-8 -Dstderr.encoding=UTF-8 -XX:+ShowCodeDetailsInExceptionMessages com.FuelMgt.Fuel.Management.System.FuelManagementSystemApplication

Host: 11th Gen Intel(R) Core(TM) i5-1135G7 @ 2.40GHz, 8 cores, 19G,  Windows 11 , 64 bit Build 26100 (10.0.26100.8875)
Time: Fri Aug  7 11:35:29 2026 E. Africa Standard Time elapsed time: 272.683455 seconds (0d 0h 4m 32s)

---------------  T H R E A D  ---------------

Current thread (0x00000200d2fc5500):  JavaThread "C2 CompilerThread0" daemon [_thread_in_native, id=8736, stack(0x000000c6bae00000,0x000000c6baf00000) (1024K)]


Current CompileTask:
C2:272683 7912       4       org.springframework.boot.devtools.filewatch.DirectorySnapshot::collectFiles (99 bytes)

Stack: [0x000000c6bae00000,0x000000c6baf00000]
Native frames: (J=compiled Java code, j=interpreted, Vv=VM code, C=native code)
V  [jvm.dll+0x6d7a39]
V  [jvm.dll+0x8b4b26]
V  [jvm.dll+0x8b70de]
V  [jvm.dll+0x8b77c3]
V  [jvm.dll+0x284346]
V  [jvm.dll+0xc66ed]
V  [jvm.dll+0xc6c31]
V  [jvm.dll+0x3bec3b]
V  [jvm.dll+0x38b162]
V  [jvm.dll+0x38a5aa]
V  [jvm.dll+0x24c560]
V  [jvm.dll+0x24bb40]
V  [jvm.dll+0x1cb34e]
V  [jvm.dll+0x25b85d]
V  [jvm.dll+0x259dea]
V  [jvm.dll+0x3f857e]
V  [jvm.dll+0x85f59d]
V  [jvm.dll+0x6d626d]
C  [ucrtbase.dll+0x2cd30]
C  [KERNEL32.DLL+0x2e957]
C  [ntdll.dll+0xaad6c]


---------------  P R O C E S S  ---------------

Threads class SMR info:
_java_thread_list=0x000002011d48dd80, length=30, elements={
0x00000200d2facd50, 0x00000200d2faf7c0, 0x00000200d2fb4ab0, 0x00000200d2fb5640,
0x00000200d2fb71e0, 0x00000200d2fc02c0, 0x00000200d2fc5500, 0x00000200d35207a0,
0x00000200d368bcf0, 0x00000200d36922f0, 0x000002011d6ff8b0, 0x000002011ac3a950,
0x000002011f1da7a0, 0x000002011f1d8d60, 0x000002011f1dae30, 0x000002011f1dbb50,
0x000002011f1dc1e0, 0x000002011f1d9a80, 0x000002011f1d93f0, 0x000002011f1da110,
0x000002011f1db4c0, 0x000002011baf4040, 0x000002011baf46d0, 0x000002011baf3320,
0x000002011baf2600, 0x000002011baf1f70, 0x000002011baf1250, 0x000002011baf4d60,
0x000002011baf2c90, 0x000002011baf39b0
}

Java Threads: ( => current thread )
  0x00000200d2facd50 JavaThread "Reference Handler"          daemon [_thread_blocked, id=16448, stack(0x000000c6ba800000,0x000000c6ba900000) (1024K)]
  0x00000200d2faf7c0 JavaThread "Finalizer"                  daemon [_thread_blocked, id=32948, stack(0x000000c6ba900000,0x000000c6baa00000) (1024K)]
  0x00000200d2fb4ab0 JavaThread "Signal Dispatcher"          daemon [_thread_blocked, id=33784, stack(0x000000c6baa00000,0x000000c6bab00000) (1024K)]
  0x00000200d2fb5640 JavaThread "Attach Listener"            daemon [_thread_blocked, id=472, stack(0x000000c6bab00000,0x000000c6bac00000) (1024K)]
  0x00000200d2fb71e0 JavaThread "Service Thread"             daemon [_thread_blocked, id=2808, stack(0x000000c6bac00000,0x000000c6bad00000) (1024K)]
  0x00000200d2fc02c0 JavaThread "Monitor Deflation Thread"   daemon [_thread_blocked, id=23080, stack(0x000000c6bad00000,0x000000c6bae00000) (1024K)]
=>0x00000200d2fc5500 JavaThread "C2 CompilerThread0"         daemon [_thread_in_native, id=8736, stack(0x000000c6bae00000,0x000000c6baf00000) (1024K)]
  0x00000200d35207a0 JavaThread "C1 CompilerThread0"         daemon [_thread_blocked, id=21372, stack(0x000000c6baf00000,0x000000c6bb000000) (1024K)]
  0x00000200d368bcf0 JavaThread "Notification Thread"        daemon [_thread_blocked, id=33628, stack(0x000000c6bb000000,0x000000c6bb100000) (1024K)]
  0x00000200d36922f0 JavaThread "Common-Cleaner"             daemon [_thread_blocked, id=30020, stack(0x000000c6bb100000,0x000000c6bb200000) (1024K)]
  0x000002011d6ff8b0 JavaThread "PostgreSQL-JDBC-Cleaner"    daemon [_thread_blocked, id=16272, stack(0x000000c6bbe00000,0x000000c6bbf00000) (1024K)]
  0x000002011ac3a950 JavaThread "HikariPool-1 housekeeper"   daemon [_thread_blocked, id=21780, stack(0x000000c6bbf00000,0x000000c6bc000000) (1024K)]
  0x000002011f1da7a0 JavaThread "Catalina-utility-1"                [_thread_blocked, id=33492, stack(0x000000c6bc200000,0x000000c6bc300000) (1024K)]
  0x000002011f1d8d60 JavaThread "Catalina-utility-2"                [_thread_blocked, id=20148, stack(0x000000c6bc300000,0x000000c6bc400000) (1024K)]
  0x000002011f1dae30 JavaThread "container-0"                       [_thread_blocked, id=25824, stack(0x000000c6bc400000,0x000000c6bc500000) (1024K)]
  0x000002011f1dbb50 JavaThread "File Watcher"               daemon [_thread_blocked, id=19956, stack(0x000000c6bc500000,0x000000c6bc600000) (1024K)]
  0x000002011f1dc1e0 JavaThread "Live Reload Server"         daemon [_thread_in_native, id=20516, stack(0x000000c6bc700000,0x000000c6bc800000) (1024K)]
  0x000002011f1d9a80 JavaThread "http-nio-7075-exec-1"       daemon [_thread_blocked, id=7936, stack(0x000000c6bc600000,0x000000c6bc700000) (1024K)]
  0x000002011f1d93f0 JavaThread "http-nio-7075-exec-2"       daemon [_thread_blocked, id=21804, stack(0x000000c6bc800000,0x000000c6bc900000) (1024K)]
  0x000002011f1da110 JavaThread "http-nio-7075-exec-3"       daemon [_thread_blocked, id=11592, stack(0x000000c6bc900000,0x000000c6bca00000) (1024K)]
  0x000002011f1db4c0 JavaThread "http-nio-7075-exec-4"       daemon [_thread_blocked, id=11968, stack(0x000000c6bca00000,0x000000c6bcb00000) (1024K)]
  0x000002011baf4040 JavaThread "http-nio-7075-exec-5"       daemon [_thread_blocked, id=22812, stack(0x000000c6bcb00000,0x000000c6bcc00000) (1024K)]
  0x000002011baf46d0 JavaThread "http-nio-7075-exec-6"       daemon [_thread_blocked, id=10544, stack(0x000000c6bcc00000,0x000000c6bcd00000) (1024K)]
  0x000002011baf3320 JavaThread "http-nio-7075-exec-7"       daemon [_thread_blocked, id=21696, stack(0x000000c6bcd00000,0x000000c6bce00000) (1024K)]
  0x000002011baf2600 JavaThread "http-nio-7075-exec-8"       daemon [_thread_blocked, id=33432, stack(0x000000c6bce00000,0x000000c6bcf00000) (1024K)]
  0x000002011baf1f70 JavaThread "http-nio-7075-exec-9"       daemon [_thread_blocked, id=32976, stack(0x000000c6bcf00000,0x000000c6bd000000) (1024K)]
  0x000002011baf1250 JavaThread "http-nio-7075-exec-10"      daemon [_thread_blocked, id=10572, stack(0x000000c6bd000000,0x000000c6bd100000) (1024K)]
  0x000002011baf4d60 JavaThread "http-nio-7075-Poller"       daemon [_thread_in_native, id=23524, stack(0x000000c6bd100000,0x000000c6bd200000) (1024K)]
  0x000002011baf2c90 JavaThread "http-nio-7075-Acceptor"     daemon [_thread_in_native, id=28900, stack(0x000000c6bd200000,0x000000c6bd300000) (1024K)]
  0x000002011baf39b0 JavaThread "DestroyJavaVM"                     [_thread_blocked, id=11308, stack(0x000000c6ba000000,0x000000c6ba100000) (1024K)]
Total: 30

Other Threads:
  0x00000200d2f91430 VMThread "VM Thread"                           [id=20824, stack(0x000000c6ba700000,0x000000c6ba800000) (1024K)]
  0x00000200d2f7b5c0 WatcherThread "VM Periodic Task Thread"        [id=30196, stack(0x000000c6ba600000,0x000000c6ba700000) (1024K)]
  0x00000200b7b7b650 WorkerThread "GC Thread#0"                     [id=25772, stack(0x000000c6ba100000,0x000000c6ba200000) (1024K)]
  0x00000200d2f91f40 WorkerThread "GC Thread#1"                     [id=21344, stack(0x000000c6bb300000,0x000000c6bb400000) (1024K)]
  0x00000200d2f91080 WorkerThread "GC Thread#2"                     [id=20484, stack(0x000000c6bb400000,0x000000c6bb500000) (1024K)]
  0x00000200d2f90920 WorkerThread "GC Thread#3"                     [id=27776, stack(0x000000c6bb500000,0x000000c6bb600000) (1024K)]
  0x00000200d2f90570 WorkerThread "GC Thread#4"                     [id=30052, stack(0x000000c6bb600000,0x000000c6bb700000) (1024K)]
  0x00000200d2f917e0 WorkerThread "GC Thread#5"                     [id=28696, stack(0x000000c6bb700000,0x000000c6bb800000) (1024K)]
  0x00000200d2f90cd0 WorkerThread "GC Thread#6"                     [id=5980, stack(0x000000c6bb800000,0x000000c6bb900000) (1024K)]
  0x00000201199b82c0 WorkerThread "GC Thread#7"                     [id=32884, stack(0x000000c6bbc00000,0x000000c6bbd00000) (1024K)]
  0x00000200b7b86350 ConcurrentGCThread "G1 Main Marker"            [id=24476, stack(0x000000c6ba200000,0x000000c6ba300000) (1024K)]
  0x00000200b7b88390 WorkerThread "G1 Conc#0"                       [id=4176, stack(0x000000c6ba300000,0x000000c6ba400000) (1024K)]
  0x00000201199b98e0 WorkerThread "G1 Conc#1"                       [id=15292, stack(0x000000c6bbd00000,0x000000c6bbe00000) (1024K)]
  0x00000200d2e47020 ConcurrentGCThread "G1 Refine#0"               [id=5348, stack(0x000000c6ba400000,0x000000c6ba500000) (1024K)]
  0x00000200d2e48570 ConcurrentGCThread "G1 Service"                [id=19720, stack(0x000000c6ba500000,0x000000c6ba600000) (1024K)]
Total: 15

Threads with active compile tasks:
C2 CompilerThread0  272890 7912       4       org.springframework.boot.devtools.filewatch.DirectorySnapshot::collectFiles (99 bytes)
Total: 1

VM state: not at safepoint (normal execution)

VM Mutex/Monitor currently owned by a thread: None

Heap address: 0x00000006c4000000, size: 5056 MB, Compressed Oops mode: Zero based, Oop shift amount: 3

CDS archive(s) mapped at: [0x00000200d4000000-0x00000200d4c80000-0x00000200d4c80000), size 13107200, SharedBaseAddress: 0x00000200d4000000, ArchiveRelocationMode: 1.
Compressed class space mapped at: 0x00000200d5000000-0x0000020115000000, reserved size: 1073741824
Narrow klass base: 0x00000200d4000000, Narrow klass shift: 0, Narrow klass range: 0x100000000

GC Precious Log:
 CardTable entry size: 512
 Card Set container configuration: InlinePtr #cards 4 size 8 Array Of Cards #cards 32 size 80 Howl #buckets 8 coarsen threshold 7372 Howl Bitmap #cards 1024 size 144 coarsen threshold 921 Card regions per heap region 1 cards per card region 8192
 CPUs: 8 total, 8 available
 Memory: 20222M
 Large Page Support: Disabled
 NUMA Support: Disabled
 Compressed Oops: Enabled (Zero based)
 Heap Region Size: 4M
 Heap Min Capacity: 8M
 Heap Initial Capacity: 316M
 Heap Max Capacity: 5056M
 Pre-touch: Disabled
 Parallel Workers: 8
 Concurrent Workers: 2
 Concurrent Refinement Workers: 8
 Periodic GC: Disabled

Heap:
 garbage-first heap   total 200704K, used 121522K [0x00000006c4000000, 0x0000000800000000)
  region size 4096K, 26 young (106496K), 2 survivors (8192K)
 Metaspace       used 80530K, committed 81344K, reserved 1179648K
  class space    used 11133K, committed 11520K, reserved 1048576K

Heap Regions: E=young(eden), S=young(survivor), O=old, HS=humongous(starts), HC=humongous(continues), CS=collection set, F=free, TAMS=top-at-mark-start, PB=parsable bottom
|   0|0x00000006c4000000, 0x00000006c4400000, 0x00000006c4400000|100%| O|  |TAMS 0x00000006c4000000| PB 0x00000006c4000000| Untracked 
|   1|0x00000006c4400000, 0x00000006c4800000, 0x00000006c4800000|100%| O|  |TAMS 0x00000006c4400000| PB 0x00000006c4400000| Untracked 
|   2|0x00000006c4800000, 0x00000006c4c00000, 0x00000006c4c00000|100%| O|  |TAMS 0x00000006c4800000| PB 0x00000006c4800000| Untracked 
|   3|0x00000006c4c00000, 0x00000006c5000000, 0x00000006c5000000|100%| O|  |TAMS 0x00000006c4c00000| PB 0x00000006c4c00000| Untracked 
|   4|0x00000006c5000000, 0x00000006c5400000, 0x00000006c5400000|100%| O|  |TAMS 0x00000006c5000000| PB 0x00000006c5000000| Untracked 
|   5|0x00000006c5400000, 0x00000006c5400000, 0x00000006c5800000|  0%| F|  |TAMS 0x00000006c5400000| PB 0x00000006c5400000| Untracked 
|   6|0x00000006c5800000, 0x00000006c5c00000, 0x00000006c5c00000|100%| O|  |TAMS 0x00000006c5800000| PB 0x00000006c5800000| Untracked 
|   7|0x00000006c5c00000, 0x00000006c5e20d48, 0x00000006c6000000| 53%| S|CS|TAMS 0x00000006c5c00000| PB 0x00000006c5c00000| Complete 
|   8|0x00000006c6000000, 0x00000006c6000000, 0x00000006c6400000|  0%| F|  |TAMS 0x00000006c6000000| PB 0x00000006c6000000| Untracked 
|   9|0x00000006c6400000, 0x00000006c6800000, 0x00000006c6800000|100%| S|CS|TAMS 0x00000006c6400000| PB 0x00000006c6400000| Complete 
|  10|0x00000006c6800000, 0x00000006c6800000, 0x00000006c6c00000|  0%| F|  |TAMS 0x00000006c6800000| PB 0x00000006c6800000| Untracked 
|  11|0x00000006c6c00000, 0x00000006c6c00000, 0x00000006c7000000|  0%| F|  |TAMS 0x00000006c6c00000| PB 0x00000006c6c00000| Untracked 
|  12|0x00000006c7000000, 0x00000006c7000000, 0x00000006c7400000|  0%| F|  |TAMS 0x00000006c7000000| PB 0x00000006c7000000| Untracked 
|  13|0x00000006c7400000, 0x00000006c7400000, 0x00000006c7800000|  0%| F|  |TAMS 0x00000006c7400000| PB 0x00000006c7400000| Untracked 
|  14|0x00000006c7800000, 0x00000006c7800000, 0x00000006c7c00000|  0%| F|  |TAMS 0x00000006c7800000| PB 0x00000006c7800000| Untracked 
|  15|0x00000006c7c00000, 0x00000006c7c00000, 0x00000006c8000000|  0%| F|  |TAMS 0x00000006c7c00000| PB 0x00000006c7c00000| Untracked 
|  16|0x00000006c8000000, 0x00000006c8000000, 0x00000006c8400000|  0%| F|  |TAMS 0x00000006c8000000| PB 0x00000006c8000000| Untracked 
|  17|0x00000006c8400000, 0x00000006c8400000, 0x00000006c8800000|  0%| F|  |TAMS 0x00000006c8400000| PB 0x00000006c8400000| Untracked 
|  18|0x00000006c8800000, 0x00000006c8800000, 0x00000006c8c00000|  0%| F|  |TAMS 0x00000006c8800000| PB 0x00000006c8800000| Untracked 
|  19|0x00000006c8c00000, 0x00000006c8c00000, 0x00000006c9000000|  0%| F|  |TAMS 0x00000006c8c00000| PB 0x00000006c8c00000| Untracked 
|  20|0x00000006c9000000, 0x00000006c9000000, 0x00000006c9400000|  0%| F|  |TAMS 0x00000006c9000000| PB 0x00000006c9000000| Untracked 
|  21|0x00000006c9400000, 0x00000006c9400000, 0x00000006c9800000|  0%| F|  |TAMS 0x00000006c9400000| PB 0x00000006c9400000| Untracked 
|  22|0x00000006c9800000, 0x00000006c9800000, 0x00000006c9c00000|  0%| F|  |TAMS 0x00000006c9800000| PB 0x00000006c9800000| Untracked 
|  23|0x00000006c9c00000, 0x00000006c9c00000, 0x00000006ca000000|  0%| F|  |TAMS 0x00000006c9c00000| PB 0x00000006c9c00000| Untracked 
|  24|0x00000006ca000000, 0x00000006ca2b37f8, 0x00000006ca400000| 67%| E|  |TAMS 0x00000006ca000000| PB 0x00000006ca000000| Complete 
|  25|0x00000006ca400000, 0x00000006ca800000, 0x00000006ca800000|100%| E|CS|TAMS 0x00000006ca400000| PB 0x00000006ca400000| Complete 
|  26|0x00000006ca800000, 0x00000006cac00000, 0x00000006cac00000|100%| E|CS|TAMS 0x00000006ca800000| PB 0x00000006ca800000| Complete 
|  27|0x00000006cac00000, 0x00000006cb000000, 0x00000006cb000000|100%| E|CS|TAMS 0x00000006cac00000| PB 0x00000006cac00000| Complete 
|  28|0x00000006cb000000, 0x00000006cb400000, 0x00000006cb400000|100%| E|  |TAMS 0x00000006cb000000| PB 0x00000006cb000000| Complete 
|  29|0x00000006cb400000, 0x00000006cb800000, 0x00000006cb800000|100%| E|CS|TAMS 0x00000006cb400000| PB 0x00000006cb400000| Complete 
|  30|0x00000006cb800000, 0x00000006cbc00000, 0x00000006cbc00000|100%| E|CS|TAMS 0x00000006cb800000| PB 0x00000006cb800000| Complete 
|  31|0x00000006cbc00000, 0x00000006cc000000, 0x00000006cc000000|100%| E|CS|TAMS 0x00000006cbc00000| PB 0x00000006cbc00000| Complete 
|  32|0x00000006cc000000, 0x00000006cc400000, 0x00000006cc400000|100%| E|CS|TAMS 0x00000006cc000000| PB 0x00000006cc000000| Complete 
|  33|0x00000006cc400000, 0x00000006cc800000, 0x00000006cc800000|100%| E|CS|TAMS 0x00000006cc400000| PB 0x00000006cc400000| Complete 
|  34|0x00000006cc800000, 0x00000006ccc00000, 0x00000006ccc00000|100%| E|CS|TAMS 0x00000006cc800000| PB 0x00000006cc800000| Complete 
|  35|0x00000006ccc00000, 0x00000006cd000000, 0x00000006cd000000|100%| E|CS|TAMS 0x00000006ccc00000| PB 0x00000006ccc00000| Complete 
|  36|0x00000006cd000000, 0x00000006cd400000, 0x00000006cd400000|100%| E|CS|TAMS 0x00000006cd000000| PB 0x00000006cd000000| Complete 
|  37|0x00000006cd400000, 0x00000006cd800000, 0x00000006cd800000|100%| E|CS|TAMS 0x00000006cd400000| PB 0x00000006cd400000| Complete 
|  38|0x00000006cd800000, 0x00000006cdc00000, 0x00000006cdc00000|100%| E|CS|TAMS 0x00000006cd800000| PB 0x00000006cd800000| Complete 
|  39|0x00000006cdc00000, 0x00000006ce000000, 0x00000006ce000000|100%| E|CS|TAMS 0x00000006cdc00000| PB 0x00000006cdc00000| Complete 
|  40|0x00000006ce000000, 0x00000006ce400000, 0x00000006ce400000|100%| E|CS|TAMS 0x00000006ce000000| PB 0x00000006ce000000| Complete 
|  41|0x00000006ce400000, 0x00000006ce800000, 0x00000006ce800000|100%| E|CS|TAMS 0x00000006ce400000| PB 0x00000006ce400000| Complete 
|  42|0x00000006ce800000, 0x00000006cec00000, 0x00000006cec00000|100%| E|CS|TAMS 0x00000006ce800000| PB 0x00000006ce800000| Complete 
|  43|0x00000006cec00000, 0x00000006cf000000, 0x00000006cf000000|100%| E|CS|TAMS 0x00000006cec00000| PB 0x00000006cec00000| Complete 
|  44|0x00000006cf000000, 0x00000006cf400000, 0x00000006cf400000|100%| E|CS|TAMS 0x00000006cf000000| PB 0x00000006cf000000| Complete 
|  73|0x00000006d6400000, 0x00000006d6800000, 0x00000006d6800000|100%| E|CS|TAMS 0x00000006d6400000| PB 0x00000006d6400000| Complete 
|  74|0x00000006d6800000, 0x00000006d6c00000, 0x00000006d6c00000|100%| E|CS|TAMS 0x00000006d6800000| PB 0x00000006d6800000| Complete 
|  78|0x00000006d7800000, 0x00000006d7c00000, 0x00000006d7c00000|100%| E|CS|TAMS 0x00000006d7800000| PB 0x00000006d7800000| Complete 
|1263|0x00000007ffc00000, 0x00000007ffc8bcd0, 0x0000000800000000| 13%| O|  |TAMS 0x00000007ffc00000| PB 0x00000007ffc00000| Untracked 

Card table byte_map: [0x00000200cb1c0000,0x00000200cbba0000] _byte_map_base: 0x00000200c7ba0000

Marking Bits: (CMBitMap*) 0x00000200b7b7bc70
 Bits: [0x00000200cbba0000, 0x00000200d0aa0000)

Polling page: 0x00000200b5cf0000

Metaspace:

Usage:
  Non-class:     67.77 MB used.
      Class:     10.87 MB used.
       Both:     78.64 MB used.

Virtual space:
  Non-class space:      128.00 MB reserved,      68.19 MB ( 53%) committed,  2 nodes.
      Class space:        1.00 GB reserved,      11.25 MB (  1%) committed,  1 nodes.
             Both:        1.12 GB reserved,      79.44 MB (  7%) committed. 

Chunk freelists:
   Non-Class:  11.45 MB
       Class:  4.74 MB
        Both:  16.20 MB

MaxMetaspaceSize: unlimited
CompressedClassSpaceSize: 1.00 GB
Initial GC threshold: 21.00 MB
Current GC threshold: 98.75 MB
CDS: on
 - commit_granule_bytes: 65536.
 - commit_granule_words: 8192.
 - virtual_space_node_default_size: 8388608.
 - enlarge_chunks_in_place: 1.
 - use_allocation_guard: 0.


Internal statistics:

num_allocs_failed_limit: 9.
num_arena_births: 1198.
num_arena_deaths: 0.
num_vsnodes_births: 3.
num_vsnodes_deaths: 0.
num_space_committed: 1271.
num_space_uncommitted: 0.
num_chunks_returned_to_freelist: 9.
num_chunks_taken_from_freelist: 4216.
num_chunk_merges: 6.
num_chunk_splits: 3017.
num_chunks_enlarged: 2312.
num_inconsistent_stats: 0.

CodeHeap 'non-profiled nmethods': size=120000Kb used=5374Kb max_used=5374Kb free=114625Kb
 bounds [0x00000200c2f80000, 0x00000200c34c0000, 0x00000200ca4b0000]
CodeHeap 'profiled nmethods': size=120000Kb used=13313Kb max_used=13313Kb free=106686Kb
 bounds [0x00000200bb4b0000, 0x00000200bc1c0000, 0x00000200c29e0000]
CodeHeap 'non-nmethods': size=5760Kb used=1773Kb max_used=1822Kb free=3986Kb
 bounds [0x00000200c29e0000, 0x00000200c2c50000, 0x00000200c2f80000]
CodeCache: size=245760Kb, used=20460Kb, max_used=20509Kb, free=225297Kb
 total_blobs=7847, nmethods=7111, adapters=639, full_count=0
Compilation: enabled, stopped_count=0, restarted_count=0

Compilation events (20 events):
Event: 246.384 Thread 0x00000200d35207a0 nmethod 7904 0x00000200bc1aa390 code [0x00000200bc1aa560, 0x00000200bc1aa958]
Event: 256.391 Thread 0x00000200d35207a0 7905       3       java.util.HashMap::valuesToArray (81 bytes)
Event: 256.391 Thread 0x00000200d35207a0 nmethod 7905 0x00000200bc1aaa90 code [0x00000200bc1aac60, 0x00000200bc1ab108]
Event: 263.455 Thread 0x00000200d35207a0 7906       3       java.util.Date::<init> (8 bytes)
Event: 263.455 Thread 0x00000200d35207a0 nmethod 7906 0x00000200bc1ab310 code [0x00000200bc1ab4c0, 0x00000200bc1ab6c0]
Event: 263.688 Thread 0x00000200d35207a0 7907       3       org.apache.coyote.AbstractProtocol$$Lambda/0x00000200d5a0d420::run (8 bytes)
Event: 263.689 Thread 0x00000200d35207a0 nmethod 7907 0x00000200bc1ab790 code [0x00000200bc1ab940, 0x00000200bc1aba88]
Event: 263.689 Thread 0x00000200d35207a0 7908       3       org.apache.coyote.AbstractProtocol::lambda$startAsyncTimeout$1 (46 bytes)
Event: 263.689 Thread 0x00000200d35207a0 nmethod 7908 0x00000200bc1abb90 code [0x00000200bc1abda0, 0x00000200bc1ac3e8]
Event: 268.390 Thread 0x00000200d35207a0 7909       3       sun.nio.ch.SelectorImpl::keys (9 bytes)
Event: 268.391 Thread 0x00000200d35207a0 nmethod 7909 0x00000200bc1ac610 code [0x00000200bc1ac7e0, 0x00000200bc1acab8]
Event: 268.577 Thread 0x00000200d35207a0 7910       3       org.springframework.boot.devtools.filewatch.DirectorySnapshot::<init> (70 bytes)
Event: 268.579 Thread 0x00000200d35207a0 nmethod 7910 0x00000200bc1acc10 code [0x00000200bc1acf80, 0x00000200bc1ae5d8]
Event: 268.579 Thread 0x00000200d35207a0 7911       3       org.springframework.boot.devtools.filewatch.DirectorySnapshot$$Lambda/0x00000200d5a08af0::<init> (10 bytes)
Event: 268.579 Thread 0x00000200d35207a0 nmethod 7911 0x00000200bc1aed10 code [0x00000200bc1aeec0, 0x00000200bc1af080]
Event: 268.584 Thread 0x00000200d2fc5500 7912       4       org.springframework.boot.devtools.filewatch.DirectorySnapshot::collectFiles (99 bytes)
Event: 268.997 Thread 0x00000200d35207a0 7913       3       org.springframework.boot.devtools.filewatch.FileSystemWatcher$Watcher::scan (63 bytes)
Event: 269.622 Thread 0x00000200d35207a0 nmethod 7913 0x00000200bc1af110 code [0x00000200bc1af320, 0x00000200bc1af768]
Event: 269.622 Thread 0x00000200d35207a0 7914       3       org.springframework.boot.devtools.filewatch.FileSystemWatcher$Watcher::getCurrentSnapshots (63 bytes)
Event: 269.623 Thread 0x00000200d35207a0 nmethod 7914 0x00000200bc1af910 code [0x00000200bc1afb60, 0x00000200bc1b04a8]

GC Heap History (20 events):
Event: 1.471 GC heap before
{Heap before GC invocations=3 (full 0):
 garbage-first heap   total 323584K, used 24189K [0x00000006c4000000, 0x0000000800000000)
  region size 4096K, 6 young (24576K), 2 survivors (8192K)
 Metaspace       used 21158K, committed 21504K, reserved 1114112K
  class space    used 2699K, committed 2880K, reserved 1048576K
}
Event: 1.475 GC heap after
{Heap after GC invocations=4 (full 0):
 garbage-first heap   total 323584K, used 13290K [0x00000006c4000000, 0x0000000800000000)
  region size 4096K, 2 young (8192K), 2 survivors (8192K)
 Metaspace       used 21158K, committed 21504K, reserved 1114112K
  class space    used 2699K, committed 2880K, reserved 1048576K
}
Event: 2.299 GC heap before
{Heap before GC invocations=5 (full 0):
 garbage-first heap   total 57344K, used 54250K [0x00000006c4000000, 0x0000000800000000)
  region size 4096K, 12 young (49152K), 2 survivors (8192K)
 Metaspace       used 25812K, committed 26112K, reserved 1114112K
  class space    used 3267K, committed 3392K, reserved 1048576K
}
Event: 2.305 GC heap after
{Heap after GC invocations=6 (full 0):
 garbage-first heap   total 69632K, used 16379K [0x00000006c4000000, 0x0000000800000000)
  region size 4096K, 3 young (12288K), 3 survivors (12288K)
 Metaspace       used 25812K, committed 26112K, reserved 1114112K
  class space    used 3267K, committed 3392K, reserved 1048576K
}
Event: 3.025 GC heap before
{Heap before GC invocations=6 (full 0):
 garbage-first heap   total 69632K, used 45051K [0x00000006c4000000, 0x0000000800000000)
  region size 4096K, 10 young (40960K), 3 survivors (12288K)
 Metaspace       used 30665K, committed 31104K, reserved 1114112K
  class space    used 3952K, committed 4160K, reserved 1048576K
}
Event: 3.033 GC heap after
{Heap after GC invocations=7 (full 0):
 garbage-first heap   total 69632K, used 19139K [0x00000006c4000000, 0x0000000800000000)
  region size 4096K, 2 young (8192K), 2 survivors (8192K)
 Metaspace       used 30665K, committed 31104K, reserved 1114112K
  class space    used 3952K, committed 4160K, reserved 1048576K
}
Event: 3.593 GC heap before
{Heap before GC invocations=7 (full 0):
 garbage-first heap   total 69632K, used 47811K [0x00000006c4000000, 0x0000000800000000)
  region size 4096K, 9 young (36864K), 2 survivors (8192K)
 Metaspace       used 35115K, committed 35648K, reserved 1114112K
  class space    used 4541K, committed 4800K, reserved 1048576K
}
Event: 3.599 GC heap after
{Heap after GC invocations=8 (full 0):
 garbage-first heap   total 69632K, used 21576K [0x00000006c4000000, 0x0000000800000000)
  region size 4096K, 2 young (8192K), 2 survivors (8192K)
 Metaspace       used 35115K, committed 35648K, reserved 1114112K
  class space    used 4541K, committed 4800K, reserved 1048576K
}
Event: 3.649 GC heap before
{Heap before GC invocations=8 (full 0):
 garbage-first heap   total 69632K, used 21576K [0x00000006c4000000, 0x0000000800000000)
  region size 4096K, 3 young (12288K), 2 survivors (8192K)
 Metaspace       used 35627K, committed 36160K, reserved 1114112K
  class space    used 4592K, committed 4864K, reserved 1048576K
}
Event: 3.653 GC heap after
{Heap after GC invocations=9 (full 0):
 garbage-first heap   total 69632K, used 21553K [0x00000006c4000000, 0x0000000800000000)
  region size 4096K, 1 young (4096K), 1 survivors (4096K)
 Metaspace       used 35627K, committed 36160K, reserved 1114112K
  class space    used 4592K, committed 4864K, reserved 1048576K
}
Event: 4.602 GC heap before
{Heap before GC invocations=10 (full 0):
 garbage-first heap   total 69632K, used 54321K [0x00000006c4000000, 0x0000000800000000)
  region size 4096K, 9 young (36864K), 1 survivors (4096K)
 Metaspace       used 44918K, committed 45568K, reserved 1114112K
  class space    used 5962K, committed 6272K, reserved 1048576K
}
Event: 4.605 GC heap after
{Heap after GC invocations=11 (full 0):
 garbage-first heap   total 69632K, used 23216K [0x00000006c4000000, 0x0000000800000000)
  region size 4096K, 2 young (8192K), 2 survivors (8192K)
 Metaspace       used 44918K, committed 45568K, reserved 1114112K
  class space    used 5962K, committed 6272K, reserved 1048576K
}
Event: 5.129 GC heap before
{Heap before GC invocations=11 (full 0):
 garbage-first heap   total 69632K, used 55984K [0x00000006c4000000, 0x0000000800000000)
  region size 4096K, 10 young (40960K), 2 survivors (8192K)
 Metaspace       used 52999K, committed 53568K, reserved 1114112K
  class space    used 7065K, committed 7360K, reserved 1048576K
}
Event: 5.133 GC heap after
{Heap after GC invocations=12 (full 0):
 garbage-first heap   total 69632K, used 25519K [0x00000006c4000000, 0x0000000800000000)
  region size 4096K, 2 young (8192K), 2 survivors (8192K)
 Metaspace       used 52999K, committed 53568K, reserved 1114112K
  class space    used 7065K, committed 7360K, reserved 1048576K
}
Event: 5.590 GC heap before
{Heap before GC invocations=12 (full 0):
 garbage-first heap   total 69632K, used 45999K [0x00000006c4000000, 0x0000000800000000)
  region size 4096K, 9 young (36864K), 2 survivors (8192K)
 Metaspace       used 59865K, committed 60416K, reserved 1114112K
  class space    used 8187K, committed 8448K, reserved 1048576K
}
Event: 5.594 GC heap after
{Heap after GC invocations=13 (full 0):
 garbage-first heap   total 69632K, used 26260K [0x00000006c4000000, 0x0000000800000000)
  region size 4096K, 2 young (8192K), 2 survivors (8192K)
 Metaspace       used 59865K, committed 60416K, reserved 1114112K
  class space    used 8187K, committed 8448K, reserved 1048576K
}
Event: 6.255 GC heap before
{Heap before GC invocations=14 (full 0):
 garbage-first heap   total 69632K, used 54932K [0x00000006c4000000, 0x0000000800000000)
  region size 4096K, 9 young (36864K), 2 survivors (8192K)
 Metaspace       used 65493K, committed 66112K, reserved 1114112K
  class space    used 9018K, committed 9280K, reserved 1048576K
}
Event: 6.261 GC heap after
{Heap after GC invocations=15 (full 0):
 garbage-first heap   total 69632K, used 29291K [0x00000006c4000000, 0x0000000800000000)
  region size 4096K, 2 young (8192K), 2 survivors (8192K)
 Metaspace       used 65493K, committed 66112K, reserved 1114112K
  class space    used 9018K, committed 9280K, reserved 1048576K
}
Event: 6.872 GC heap before
{Heap before GC invocations=15 (full 0):
 garbage-first heap   total 69632K, used 57963K [0x00000006c4000000, 0x0000000800000000)
  region size 4096K, 9 young (36864K), 2 survivors (8192K)
 Metaspace       used 68703K, committed 69440K, reserved 1114112K
  class space    used 9431K, committed 9728K, reserved 1048576K
}
Event: 6.881 GC heap after
{Heap after GC invocations=16 (full 0):
 garbage-first heap   total 200704K, used 31410K [0x00000006c4000000, 0x0000000800000000)
  region size 4096K, 2 young (8192K), 2 survivors (8192K)
 Metaspace       used 68703K, committed 69440K, reserved 1114112K
  class space    used 9431K, committed 9728K, reserved 1048576K
}

Dll operation events (11 events):
Event: 0.006 Loaded shared library C:\Users\Dell\.p2\pool\plugins\org.eclipse.justj.openjdk.hotspot.jre.full.win32.x86_64_21.0.10.v20260205-0638\jre\bin\java.dll
Event: 0.027 Loaded shared library C:\Users\Dell\.p2\pool\plugins\org.eclipse.justj.openjdk.hotspot.jre.full.win32.x86_64_21.0.10.v20260205-0638\jre\bin\zip.dll
Event: 0.068 Loaded shared library C:\Users\Dell\.p2\pool\plugins\org.eclipse.justj.openjdk.hotspot.jre.full.win32.x86_64_21.0.10.v20260205-0638\jre\bin\jimage.dll
Event: 0.075 Loaded shared library C:\Users\Dell\.p2\pool\plugins\org.eclipse.justj.openjdk.hotspot.jre.full.win32.x86_64_21.0.10.v20260205-0638\jre\bin\zip.dll
Event: 0.078 Loaded shared library C:\Users\Dell\.p2\pool\plugins\org.eclipse.justj.openjdk.hotspot.jre.full.win32.x86_64_21.0.10.v20260205-0638\jre\bin\net.dll
Event: 0.079 Loaded shared library C:\Users\Dell\.p2\pool\plugins\org.eclipse.justj.openjdk.hotspot.jre.full.win32.x86_64_21.0.10.v20260205-0638\jre\bin\nio.dll
Event: 0.398 Loaded shared library C:\Users\Dell\.p2\pool\plugins\org.eclipse.justj.openjdk.hotspot.jre.full.win32.x86_64_21.0.10.v20260205-0638\jre\bin\management.dll
Event: 0.400 Loaded shared library C:\Users\Dell\.p2\pool\plugins\org.eclipse.justj.openjdk.hotspot.jre.full.win32.x86_64_21.0.10.v20260205-0638\jre\bin\management_ext.dll
Event: 1.506 Loaded shared library C:\Users\Dell\.p2\pool\plugins\org.eclipse.justj.openjdk.hotspot.jre.full.win32.x86_64_21.0.10.v20260205-0638\jre\bin\sunmscapi.dll
Event: 3.970 Loaded shared library C:\Users\Dell\.p2\pool\plugins\org.eclipse.justj.openjdk.hotspot.jre.full.win32.x86_64_21.0.10.v20260205-0638\jre\bin\verify.dll
Event: 4.265 Loaded shared library C:\Users\Dell\.p2\pool\plugins\org.eclipse.justj.openjdk.hotspot.jre.full.win32.x86_64_21.0.10.v20260205-0638\jre\bin\extnet.dll

Deoptimization events (20 events):
Event: 46.997 Thread 0x000002011baf3320 Uncommon trap: trap_request=0xffffffbe fr.pc=0x00000200c3475868 relative=0x0000000000000ea8
Event: 46.997 Thread 0x000002011baf3320 Uncommon trap: reason=profile_predicate action=maybe_recompile pc=0x00000200c3475868 method=org.antlr.v4.runtime.misc.Array2DHashSet.getOrAddImpl(Ljava/lang/Object;)Ljava/lang/Object; @ 56 c2
Event: 46.997 Thread 0x000002011baf3320 DEOPT PACKING pc=0x00000200c3475868 sp=0x000000c6bcdf9570
Event: 46.997 Thread 0x000002011baf3320 DEOPT UNPACKING pc=0x00000200c2a37ba2 sp=0x000000c6bcdf9548 mode 2
Event: 46.997 Thread 0x000002011baf3320 Uncommon trap: trap_request=0xffffffbe fr.pc=0x00000200c3475868 relative=0x0000000000000ea8
Event: 46.997 Thread 0x000002011baf3320 Uncommon trap: reason=profile_predicate action=maybe_recompile pc=0x00000200c3475868 method=org.antlr.v4.runtime.misc.Array2DHashSet.getOrAddImpl(Ljava/lang/Object;)Ljava/lang/Object; @ 56 c2
Event: 46.997 Thread 0x000002011baf3320 DEOPT PACKING pc=0x00000200c3475868 sp=0x000000c6bcdf9570
Event: 46.997 Thread 0x000002011baf3320 DEOPT UNPACKING pc=0x00000200c2a37ba2 sp=0x000000c6bcdf9548 mode 2
Event: 46.997 Thread 0x000002011baf3320 Uncommon trap: trap_request=0xffffffbe fr.pc=0x00000200c3475868 relative=0x0000000000000ea8
Event: 46.997 Thread 0x000002011baf3320 Uncommon trap: reason=profile_predicate action=maybe_recompile pc=0x00000200c3475868 method=org.antlr.v4.runtime.misc.Array2DHashSet.getOrAddImpl(Ljava/lang/Object;)Ljava/lang/Object; @ 56 c2
Event: 46.997 Thread 0x000002011baf3320 DEOPT PACKING pc=0x00000200c3475868 sp=0x000000c6bcdf9570
Event: 46.997 Thread 0x000002011baf3320 DEOPT UNPACKING pc=0x00000200c2a37ba2 sp=0x000000c6bcdf9548 mode 2
Event: 47.033 Thread 0x000002011baf3320 Uncommon trap: trap_request=0xffffff45 fr.pc=0x00000200c2fac838 relative=0x0000000000000438
Event: 47.033 Thread 0x000002011baf3320 Uncommon trap: reason=unstable_if action=reinterpret pc=0x00000200c2fac838 method=jdk.internal.org.objectweb.asm.MethodWriter.visitVarInsn(II)V @ 242 c2
Event: 47.033 Thread 0x000002011baf3320 DEOPT PACKING pc=0x00000200c2fac838 sp=0x000000c6bcdfaa00
Event: 47.033 Thread 0x000002011baf3320 DEOPT UNPACKING pc=0x00000200c2a37ba2 sp=0x000000c6bcdfa998 mode 2
Event: 88.954 Thread 0x000002011baf4040 Uncommon trap: trap_request=0xffffff45 fr.pc=0x00000200c3029e2c relative=0x000000000000026c
Event: 88.954 Thread 0x000002011baf4040 Uncommon trap: reason=unstable_if action=reinterpret pc=0x00000200c3029e2c method=java.util.concurrent.locks.ReentrantLock$Sync.lock()V @ 4 c2
Event: 88.954 Thread 0x000002011baf4040 DEOPT PACKING pc=0x00000200c3029e2c sp=0x000000c6bcbf9850
Event: 88.954 Thread 0x000002011baf4040 DEOPT UNPACKING pc=0x00000200c2a37ba2 sp=0x000000c6bcbf9750 mode 2

Classes loaded (20 events):
Event: 46.557 Loading class java/util/EmptyStackException
Event: 46.557 Loading class java/util/EmptyStackException done
Event: 46.573 Loading class java/io/InvalidClassException
Event: 46.574 Loading class java/io/InvalidClassException done
Event: 47.018 Loading class java/util/stream/ReferencePipeline$6
Event: 47.019 Loading class java/util/stream/DoublePipeline$StatelessOp
Event: 47.019 Loading class java/util/stream/DoublePipeline
Event: 47.020 Loading class java/util/stream/DoublePipeline done
Event: 47.020 Loading class java/util/stream/DoublePipeline$StatelessOp done
Event: 47.020 Loading class java/util/stream/ReferencePipeline$6 done
Event: 47.021 Loading class java/util/function/ObjDoubleConsumer
Event: 47.021 Loading class java/util/function/ObjDoubleConsumer done
Event: 47.022 Loading class java/util/stream/ReduceOps$16
Event: 47.022 Loading class java/util/stream/ReduceOps$16 done
Event: 47.022 Loading class java/util/stream/ReduceOps$13ReducingSink
Event: 47.022 Loading class java/util/stream/Sink$OfDouble
Event: 47.023 Loading class java/util/stream/Sink$OfDouble done
Event: 47.023 Loading class java/util/stream/ReduceOps$13ReducingSink done
Event: 47.023 Loading class java/util/stream/ReferencePipeline$6$1
Event: 47.023 Loading class java/util/stream/ReferencePipeline$6$1 done

Classes unloaded (0 events):
No events

Classes redefined (0 events):
No events

Internal exceptions (20 events):
Event: 7.447 Thread 0x000002011997bf60 Exception <a 'java/lang/IncompatibleClassChangeError'{0x00000006ced538b0}: Found class java.lang.Object, but interface was expected> (0x00000006ced538b0) 
thrown [s\src\hotspot\share\interpreter\linkResolver.cpp, line 840]
Event: 7.486 Thread 0x000002011997bf60 Implicit null exception at 0x00000200c312c308 to 0x00000200c312c574
Event: 7.524 Thread 0x000002011997bf60 Exception <a 'java/lang/NoSuchMethodError'{0x00000006ceeb8558}: 'java.lang.Object java.lang.invoke.Invokers$Holder.invoke_MT(java.lang.Object, java.lang.Object, java.lang.Object, java.lang.Object, java.lang.Object, java.lang.Object, java.lang.Object, java.lang.Object, java.lang.Object, java.lang.Object, java.lang.Object)'> (0x00000006ceeb8558) 
thrown [s\src\hotspot\share\interpreter\linkResolver.cpp, line 773]
Event: 7.644 Thread 0x000002011997bf60 Exception <a 'java/lang/NoSuchMethodError'{0x00000006ceb3c058}: 'java.lang.Object java.lang.invoke.DirectMethodHandle$Holder.newInvokeSpecial(java.lang.Object, java.lang.Object, int, java.lang.Object, java.lang.Object)'> (0x00000006ceb3c058) 
thrown [s\src\hotspot\share\interpreter\linkResolver.cpp, line 773]
Event: 45.574 Thread 0x000002011f1d9a80 Exception <a 'java/lang/NoSuchMethodError'{0x00000006cdf58260}: 'java.lang.Object java.lang.invoke.DirectMethodHandle$Holder.invokeSpecial(java.lang.Object, java.lang.Object, java.lang.Object, java.lang.Object, java.lang.Object, long)'> (0x00000006cdf58260) 
thrown [s\src\hotspot\share\interpreter\linkResolver.cpp, line 773]
Event: 45.575 Thread 0x000002011f1d9a80 Exception <a 'java/lang/NoSuchMethodError'{0x00000006cdf5b9e8}: 'java.lang.Object java.lang.invoke.Invokers$Holder.linkToTargetMethod(java.lang.Object, java.lang.Object, java.lang.Object, long, java.lang.Object)'> (0x00000006cdf5b9e8) 
thrown [s\src\hotspot\share\interpreter\linkResolver.cpp, line 773]
Event: 45.812 Thread 0x000002011f1d9a80 Exception <a 'java/lang/NoSuchMethodError'{0x00000006cdb1e7f0}: 'java.lang.Object java.lang.invoke.DirectMethodHandle$Holder.invokeVirtual(java.lang.Object, java.lang.Object, int, int)'> (0x00000006cdb1e7f0) 
thrown [s\src\hotspot\share\interpreter\linkResolver.cpp, line 773]
Event: 45.812 Thread 0x000002011f1d9a80 Exception <a 'java/lang/NoSuchMethodError'{0x00000006cdb22c78}: 'java.lang.Object java.lang.invoke.DirectMethodHandle$Holder.invokeSpecial(java.lang.Object, java.lang.Object, java.lang.Object, int, int)'> (0x00000006cdb22c78) 
thrown [s\src\hotspot\share\interpreter\linkResolver.cpp, line 773]
Event: 46.016 Thread 0x000002011f1d9a80 Exception <a 'java/lang/IncompatibleClassChangeError'{0x00000006cd6cde90}: Found class java.lang.Object, but interface was expected> (0x00000006cd6cde90) 
thrown [s\src\hotspot\share\interpreter\linkResolver.cpp, line 840]
Event: 46.198 Thread 0x000002011f1d9a80 Exception <a 'java/lang/IncompatibleClassChangeError'{0x00000006cd22d428}: Found class java.lang.Object, but interface was expected> (0x00000006cd22d428) 
thrown [s\src\hotspot\share\interpreter\linkResolver.cpp, line 840]
Event: 46.207 Thread 0x000002011f1d9a80 Exception <a 'java/lang/IncompatibleClassChangeError'{0x00000006cd25d980}: Found class java.lang.Object, but interface was expected> (0x00000006cd25d980) 
thrown [s\src\hotspot\share\interpreter\linkResolver.cpp, line 840]
Event: 46.412 Thread 0x000002011f1d9a80 Exception <a 'java/lang/IncompatibleClassChangeError'{0x00000006ccd29630}: Found class java.lang.Object, but interface was expected> (0x00000006ccd29630) 
thrown [s\src\hotspot\share\interpreter\linkResolver.cpp, line 840]
Event: 46.425 Thread 0x000002011f1d9a80 Exception <a 'java/lang/NoSuchMethodError'{0x00000006ccd4d3e8}: 'long java.lang.invoke.DelegatingMethodHandle$Holder.reinvoke_L(java.lang.Object, java.lang.Object)'> (0x00000006ccd4d3e8) 
thrown [s\src\hotspot\share\interpreter\linkResolver.cpp, line 773]
Event: 46.426 Thread 0x000002011f1d9a80 Exception <a 'java/lang/IncompatibleClassChangeError'{0x00000006ccd57588}: Found class java.lang.Object, but interface was expected> (0x00000006ccd57588) 
thrown [s\src\hotspot\share\interpreter\linkResolver.cpp, line 840]
Event: 46.426 Thread 0x000002011f1d9a80 Exception <a 'java/lang/IncompatibleClassChangeError'{0x00000006ccd58848}: Found class java.lang.Object, but interface was expected> (0x00000006ccd58848) 
thrown [s\src\hotspot\share\interpreter\linkResolver.cpp, line 840]
Event: 46.427 Thread 0x000002011f1d9a80 Exception <a 'java/lang/IncompatibleClassChangeError'{0x00000006ccd5c1e8}: Found class java.lang.Object, but interface was expected> (0x00000006ccd5c1e8) 
thrown [s\src\hotspot\share\interpreter\linkResolver.cpp, line 840]
Event: 46.466 Thread 0x000002011f1da110 Exception <a 'java/lang/NoSuchMethodError'{0x00000006ce4d1f58}: 'void java.lang.invoke.DirectMethodHandle$Holder.invokeSpecialIFC(java.lang.Object, java.lang.Object, int, java.lang.Object, java.lang.Object, java.lang.Object, java.lang.Object)'> (0x00000006ce4d1f58) 
thrown [s\src\hotspot\share\interpreter\linkResolver.cpp, line 773]
Event: 47.021 Thread 0x000002011baf3320 Exception <a 'java/lang/NoSuchMethodError'{0x00000006cad51728}: 'void java.lang.invoke.DirectMethodHandle$Holder.invokeStatic(java.lang.Object, java.lang.Object, double)'> (0x00000006cad51728) 
thrown [s\src\hotspot\share\interpreter\linkResolver.cpp, line 773]
Event: 47.032 Thread 0x000002011baf3320 Exception <a 'java/lang/NoSuchMethodError'{0x00000006cad7b098}: 'double java.lang.invoke.DirectMethodHandle$Holder.invokeVirtual(java.lang.Object, java.lang.Object)'> (0x00000006cad7b098) 
thrown [s\src\hotspot\share\interpreter\linkResolver.cpp, line 773]
Event: 47.032 Thread 0x000002011baf3320 Exception <a 'java/lang/NoSuchMethodError'{0x00000006cad82768}: 'double java.lang.invoke.DelegatingMethodHandle$Holder.reinvoke_L(java.lang.Object, java.lang.Object)'> (0x00000006cad82768) 
thrown [s\src\hotspot\share\interpreter\linkResolver.cpp, line 773]

ZGC Phase Switch (0 events):
No events

VM Operations (20 events):
Event: 112.405 Executing safepoint VM operation: Cleanup
Event: 112.405 Executing safepoint VM operation: Cleanup done
Event: 116.440 Executing safepoint VM operation: Cleanup
Event: 116.440 Executing safepoint VM operation: Cleanup done
Event: 120.046 Executing non-safepoint VM operation: HandshakeAllThreads (HandshakeForDeflation)
Event: 120.046 Executing non-safepoint VM operation: HandshakeAllThreads (HandshakeForDeflation) done
Event: 120.047 Executing non-safepoint VM operation: RendezvousGCThreads
Event: 120.047 Executing non-safepoint VM operation: RendezvousGCThreads done
Event: 121.057 Executing safepoint VM operation: Cleanup
Event: 121.057 Executing safepoint VM operation: Cleanup done
Event: 140.204 Executing safepoint VM operation: Cleanup
Event: 140.204 Executing safepoint VM operation: Cleanup done
Event: 196.607 Executing safepoint VM operation: Cleanup
Event: 196.607 Executing safepoint VM operation: Cleanup done
Event: 205.683 Executing safepoint VM operation: Cleanup
Event: 205.683 Executing safepoint VM operation: Cleanup done
Event: 206.683 Executing safepoint VM operation: Cleanup
Event: 206.683 Executing safepoint VM operation: Cleanup done
Event: 257.063 Executing safepoint VM operation: Cleanup
Event: 257.063 Executing safepoint VM operation: Cleanup done

Memory protections (0 events):
No events

Nmethod flushes (20 events):
Event: 5.611 Thread 0x00000200d2f91430 flushing  nmethod 0x00000200bb966810
Event: 5.611 Thread 0x00000200d2f91430 flushing  nmethod 0x00000200bba12910
Event: 5.611 Thread 0x00000200d2f91430 flushing  nmethod 0x00000200bba4e390
Event: 5.611 Thread 0x00000200d2f91430 flushing  nmethod 0x00000200bba51610
Event: 5.611 Thread 0x00000200d2f91430 flushing  nmethod 0x00000200bba51d90
Event: 5.611 Thread 0x00000200d2f91430 flushing  nmethod 0x00000200bba54810
Event: 5.611 Thread 0x00000200d2f91430 flushing  nmethod 0x00000200bba55c10
Event: 5.611 Thread 0x00000200d2f91430 flushing  nmethod 0x00000200bba7d190
Event: 5.611 Thread 0x00000200d2f91430 flushing  nmethod 0x00000200bbb30310
Event: 5.611 Thread 0x00000200d2f91430 flushing  nmethod 0x00000200bbb39910
Event: 5.611 Thread 0x00000200d2f91430 flushing  nmethod 0x00000200bbbce390
Event: 5.611 Thread 0x00000200d2f91430 flushing  nmethod 0x00000200bbbdbb90
Event: 5.611 Thread 0x00000200d2f91430 flushing  nmethod 0x00000200bbc64510
Event: 5.611 Thread 0x00000200d2f91430 flushing  nmethod 0x00000200bbd7c710
Event: 5.611 Thread 0x00000200d2f91430 flushing  nmethod 0x00000200bbd7e510
Event: 5.611 Thread 0x00000200d2f91430 flushing  nmethod 0x00000200bbdb3190
Event: 5.611 Thread 0x00000200d2f91430 flushing  nmethod 0x00000200bbdb3a10
Event: 5.611 Thread 0x00000200d2f91430 flushing  nmethod 0x00000200bbdbca90
Event: 5.611 Thread 0x00000200d2f91430 flushing  nmethod 0x00000200bbdbcd90
Event: 5.611 Thread 0x00000200d2f91430 flushing  nmethod 0x00000200bbe15d90

Events (20 events):
Event: 7.661 Thread 0x000002011997bf60 Thread added: 0x000002011baf2600
Event: 7.661 Thread 0x000002011997bf60 Thread added: 0x000002011baf1f70
Event: 7.661 Thread 0x000002011997bf60 Thread added: 0x000002011baf1250
Event: 7.676 Thread 0x000002011997bf60 Thread added: 0x000002011baf4d60
Event: 7.678 Thread 0x000002011997bf60 Thread added: 0x000002011baf2c90
Event: 7.835 Thread 0x000002011997bf60 Thread exited: 0x000002011997bf60
Event: 7.837 Thread 0x0000020119989890 Thread exited: 0x0000020119989890
Event: 7.838 Thread 0x00000200b7b0b780 Thread exited: 0x00000200b7b0b780
Event: 7.838 Thread 0x000002011baf39b0 Thread added: 0x000002011baf39b0
Event: 8.219 Thread 0x00000200d35229b0 Thread exited: 0x00000200d35229b0
Event: 8.628 Thread 0x00000200d35200d0 Thread exited: 0x00000200d35200d0
Event: 10.729 Thread 0x0000020119b48da0 Thread exited: 0x0000020119b48da0
Event: 45.579 Thread 0x00000200d35207a0 Thread added: 0x00000200d35229b0
Event: 46.363 Thread 0x00000200d35229b0 Thread exited: 0x00000200d35229b0
Event: 46.499 Thread 0x00000200d35207a0 Thread added: 0x00000200d35200d0
Event: 46.727 Thread 0x00000200d35200d0 Thread exited: 0x00000200d35200d0
Event: 46.761 Thread 0x00000200d35207a0 Thread added: 0x00000200d35200d0
Event: 46.778 Thread 0x00000200d2fc5500 Thread added: 0x00000200d35222e0
Event: 49.681 Thread 0x00000200d35222e0 Thread exited: 0x00000200d35222e0
Event: 49.681 Thread 0x00000200d35200d0 Thread exited: 0x00000200d35200d0


Dynamic libraries:
0x00007ff77a390000 - 0x00007ff77a39e000 	C:\Users\Dell\.p2\pool\plugins\org.eclipse.justj.openjdk.hotspot.jre.full.win32.x86_64_21.0.10.v20260205-0638\jre\bin\javaw.exe
0x00007fff18a00000 - 0x00007fff18c66000 	C:\WINDOWS\SYSTEM32\ntdll.dll
0x00007fff18370000 - 0x00007fff18439000 	C:\WINDOWS\System32\KERNEL32.DLL
0x00007fff15c20000 - 0x00007fff1601e000 	C:\WINDOWS\System32\KERNELBASE.dll
0x00007fff160c0000 - 0x00007fff1620c000 	C:\WINDOWS\System32\ucrtbase.dll
0x00007ffee8920000 - 0x00007ffee893e000 	C:\Users\Dell\.p2\pool\plugins\org.eclipse.justj.openjdk.hotspot.jre.full.win32.x86_64_21.0.10.v20260205-0638\jre\bin\VCRUNTIME140.dll
0x00007ffee8940000 - 0x00007ffee8958000 	C:\Users\Dell\.p2\pool\plugins\org.eclipse.justj.openjdk.hotspot.jre.full.win32.x86_64_21.0.10.v20260205-0638\jre\bin\jli.dll
0x00007fff16b70000 - 0x00007fff16d37000 	C:\WINDOWS\System32\USER32.dll
0x00007fff162e0000 - 0x00007fff16307000 	C:\WINDOWS\System32\win32u.dll
0x00007ffefa820000 - 0x00007ffefaab2000 	C:\WINDOWS\WinSxS\amd64_microsoft.windows.common-controls_6595b64144ccf1df_6.0.26100.8875_none_3e0d5d42e32fe9dd\COMCTL32.dll
0x00007fff16730000 - 0x00007fff1675b000 	C:\WINDOWS\System32\GDI32.dll
0x00007fff17de0000 - 0x00007fff17e89000 	C:\WINDOWS\System32\msvcrt.dll
0x00007fff16310000 - 0x00007fff1643a000 	C:\WINDOWS\System32\gdi32full.dll
0x00007fff165c0000 - 0x00007fff16663000 	C:\WINDOWS\System32\msvcp_win.dll
0x00007fff17d80000 - 0x00007fff17db2000 	C:\WINDOWS\System32\IMM32.DLL
0x00007ffee8df0000 - 0x00007ffee8dfc000 	C:\Users\Dell\.p2\pool\plugins\org.eclipse.justj.openjdk.hotspot.jre.full.win32.x86_64_21.0.10.v20260205-0638\jre\bin\vcruntime140_1.dll
0x00007ffee56e0000 - 0x00007ffee576d000 	C:\Users\Dell\.p2\pool\plugins\org.eclipse.justj.openjdk.hotspot.jre.full.win32.x86_64_21.0.10.v20260205-0638\jre\bin\msvcp140.dll
0x00007ffe7cb20000 - 0x00007ffe7d8c1000 	C:\Users\Dell\.p2\pool\plugins\org.eclipse.justj.openjdk.hotspot.jre.full.win32.x86_64_21.0.10.v20260205-0638\jre\bin\server\jvm.dll
0x00007fff18230000 - 0x00007fff182e7000 	C:\WINDOWS\System32\ADVAPI32.dll
0x00007fff16ac0000 - 0x00007fff16b6a000 	C:\WINDOWS\System32\sechost.dll
0x00007fff17740000 - 0x00007fff17858000 	C:\WINDOWS\System32\RPCRT4.dll
0x00007fff16760000 - 0x00007fff167e0000 	C:\WINDOWS\System32\WS2_32.dll
0x00007fff15aa0000 - 0x00007fff15afe000 	C:\WINDOWS\SYSTEM32\POWRPROF.dll
0x00007fff049e0000 - 0x00007fff049eb000 	C:\WINDOWS\SYSTEM32\VERSION.dll
0x00007fff0cc40000 - 0x00007fff0cc76000 	C:\WINDOWS\SYSTEM32\WINMM.dll
0x00007fff15a80000 - 0x00007fff15a94000 	C:\WINDOWS\SYSTEM32\UMPDC.dll
0x00007fff14860000 - 0x00007fff1487b000 	C:\WINDOWS\SYSTEM32\kernel.appcore.dll
0x00007fff056a0000 - 0x00007fff056aa000 	C:\Users\Dell\.p2\pool\plugins\org.eclipse.justj.openjdk.hotspot.jre.full.win32.x86_64_21.0.10.v20260205-0638\jre\bin\jimage.dll
0x00007fff130a0000 - 0x00007fff132e2000 	C:\WINDOWS\SYSTEM32\DBGHELP.DLL
0x00007fff18630000 - 0x00007fff189b3000 	C:\WINDOWS\System32\combase.dll
0x00007fff175e0000 - 0x00007fff176b9000 	C:\WINDOWS\System32\OLEAUT32.dll
0x00007fff03620000 - 0x00007fff0365b000 	C:\WINDOWS\SYSTEM32\dbgcore.DLL
0x00007fff16220000 - 0x00007fff162cc000 	C:\WINDOWS\System32\bcryptPrimitives.dll
0x00007ffef88b0000 - 0x00007ffef88d0000 	C:\Users\Dell\.p2\pool\plugins\org.eclipse.justj.openjdk.hotspot.jre.full.win32.x86_64_21.0.10.v20260205-0638\jre\bin\java.dll
0x00007fff16e40000 - 0x00007fff175d2000 	C:\WINDOWS\System32\SHELL32.dll
0x00007fff13680000 - 0x00007fff13f12000 	C:\WINDOWS\SYSTEM32\windows.storage.dll
0x00007fff16d40000 - 0x00007fff16e37000 	C:\WINDOWS\System32\SHCORE.dll
0x00007fff176c0000 - 0x00007fff17727000 	C:\WINDOWS\System32\shlwapi.dll
0x00007fff15b40000 - 0x00007fff15b69000 	C:\WINDOWS\SYSTEM32\profapi.dll
0x00007ffed7370000 - 0x00007ffed7388000 	C:\Users\Dell\.p2\pool\plugins\org.eclipse.justj.openjdk.hotspot.jre.full.win32.x86_64_21.0.10.v20260205-0638\jre\bin\zip.dll
0x00007fff05650000 - 0x00007fff05660000 	C:\Users\Dell\.p2\pool\plugins\org.eclipse.justj.openjdk.hotspot.jre.full.win32.x86_64_21.0.10.v20260205-0638\jre\bin\net.dll
0x00007fff05f00000 - 0x00007fff06027000 	C:\WINDOWS\SYSTEM32\WINHTTP.dll
0x00007fff14e50000 - 0x00007fff14ebc000 	C:\WINDOWS\system32\mswsock.dll
0x00007ffecea60000 - 0x00007ffecea76000 	C:\Users\Dell\.p2\pool\plugins\org.eclipse.justj.openjdk.hotspot.jre.full.win32.x86_64_21.0.10.v20260205-0638\jre\bin\nio.dll
0x00007ffefac10000 - 0x00007ffefac1a000 	C:\Users\Dell\.p2\pool\plugins\org.eclipse.justj.openjdk.hotspot.jre.full.win32.x86_64_21.0.10.v20260205-0638\jre\bin\management.dll
0x00007ffefac00000 - 0x00007ffefac0c000 	C:\Users\Dell\.p2\pool\plugins\org.eclipse.justj.openjdk.hotspot.jre.full.win32.x86_64_21.0.10.v20260205-0638\jre\bin\management_ext.dll
0x00007fff17730000 - 0x00007fff17738000 	C:\WINDOWS\System32\PSAPI.DLL
0x00007fff01ce0000 - 0x00007fff01cee000 	C:\Users\Dell\.p2\pool\plugins\org.eclipse.justj.openjdk.hotspot.jre.full.win32.x86_64_21.0.10.v20260205-0638\jre\bin\sunmscapi.dll
0x00007fff16440000 - 0x00007fff165b8000 	C:\WINDOWS\System32\CRYPT32.dll
0x00007fff153f0000 - 0x00007fff15420000 	C:\WINDOWS\SYSTEM32\ncrypt.dll
0x00007fff153a0000 - 0x00007fff153df000 	C:\WINDOWS\SYSTEM32\NTASN1.dll
0x00007fff15280000 - 0x00007fff1529b000 	C:\WINDOWS\SYSTEM32\CRYPTSP.dll
0x00007fff14820000 - 0x00007fff14859000 	C:\WINDOWS\system32\rsaenh.dll
0x00007fff14f10000 - 0x00007fff14f42000 	C:\WINDOWS\SYSTEM32\USERENV.dll
0x00007fff15b10000 - 0x00007fff15b3a000 	C:\WINDOWS\SYSTEM32\bcrypt.dll
0x00007fff150c0000 - 0x00007fff150cc000 	C:\WINDOWS\SYSTEM32\CRYPTBASE.dll
0x00007fff142c0000 - 0x00007fff142f3000 	C:\WINDOWS\SYSTEM32\IPHLPAPI.DLL
0x00007fff18220000 - 0x00007fff1822a000 	C:\WINDOWS\System32\NSI.dll
0x00007fff01c10000 - 0x00007fff01c20000 	C:\Users\Dell\.p2\pool\plugins\org.eclipse.justj.openjdk.hotspot.jre.full.win32.x86_64_21.0.10.v20260205-0638\jre\bin\verify.dll
0x00007fff14360000 - 0x00007fff144b6000 	C:\WINDOWS\SYSTEM32\DNSAPI.dll
0x00007fff14c50000 - 0x00007fff14c5d000 	C:\WINDOWS\SYSTEM32\DSPARSE.dll
0x00007fff05060000 - 0x00007fff0506b000 	C:\Windows\System32\rasadhlp.dll
0x00007fff0f470000 - 0x00007fff0f4f6000 	C:\WINDOWS\System32\fwpuclnt.dll
0x00007ffec0770000 - 0x00007ffec0779000 	C:\Users\Dell\.p2\pool\plugins\org.eclipse.justj.openjdk.hotspot.jre.full.win32.x86_64_21.0.10.v20260205-0638\jre\bin\extnet.dll
0x00007ffefabc0000 - 0x00007ffefabc8000 	C:\WINDOWS\system32\wshunix.dll

JVMTI agents: none

dbghelp: loaded successfully - version: 4.0.5 - missing functions: none
symbol engine: initialized successfully - sym options: 0x614 - pdb path: .;C:\Users\Dell\.p2\pool\plugins\org.eclipse.justj.openjdk.hotspot.jre.full.win32.x86_64_21.0.10.v20260205-0638\jre\bin;C:\WINDOWS\SYSTEM32;C:\WINDOWS\WinSxS\amd64_microsoft.windows.common-controls_6595b64144ccf1df_6.0.26100.8875_none_3e0d5d42e32fe9dd;C:\Users\Dell\.p2\pool\plugins\org.eclipse.justj.openjdk.hotspot.jre.full.win32.x86_64_21.0.10.v20260205-0638\jre\bin\server

VM Arguments:
jvm_args: -Dfile.encoding=UTF-8 -Dstdout.encoding=UTF-8 -Dstderr.encoding=UTF-8 -XX:+ShowCodeDetailsInExceptionMessages 
java_command: com.FuelMgt.Fuel.Management.System.FuelManagementSystemApplication
java_class_path (initial): C:\Users\Dell\Downloads\Fuel Management System\Fuel-Management-System\target\classes;C:\Users\Dell\.m2\repository\org\springframework\boot\spring-boot-starter-web\3.4.1\spring-boot-starter-web-3.4.1.jar;C:\Users\Dell\.m2\repository\org\springframework\boot\spring-boot-starter\3.4.1\spring-boot-starter-3.4.1.jar;C:\Users\Dell\.m2\repository\org\springframework\boot\spring-boot-starter-logging\3.4.1\spring-boot-starter-logging-3.4.1.jar;C:\Users\Dell\.m2\repository\ch\qos\logback\logback-classic\1.5.12\logback-classic-1.5.12.jar;C:\Users\Dell\.m2\repository\ch\qos\logback\logback-core\1.5.12\logback-core-1.5.12.jar;C:\Users\Dell\.m2\repository\org\apache\logging\log4j\log4j-to-slf4j\2.24.3\log4j-to-slf4j-2.24.3.jar;C:\Users\Dell\.m2\repository\org\apache\logging\log4j\log4j-api\2.24.3\log4j-api-2.24.3.jar;C:\Users\Dell\.m2\repository\org\slf4j\jul-to-slf4j\2.0.16\jul-to-slf4j-2.0.16.jar;C:\Users\Dell\.m2\repository\jakarta\annotation\jakarta.annotation-api\2.1.1\jakarta.annotation-api-2.1.1.jar;C:\Users\Dell\.m2\repository\org\yaml\snakeyaml\2.3\snakeyaml-2.3.jar;C:\Users\Dell\.m2\repository\org\springframework\boot\spring-boot-starter-json\3.4.1\spring-boot-starter-json-3.4.1.jar;C:\Users\Dell\.m2\repository\com\fasterxml\jackson\datatype\jackson-datatype-jdk8\2.18.2\jackson-datatype-jdk8-2.18.2.jar;C:\Users\Dell\.m2\repository\com\fasterxml\jackson\datatype\jackson-datatype-jsr310\2.18.2\jackson-datatype-jsr310-2.18.2.jar;C:\Users\Dell\.m2\repository\com\fasterxml\jackson\module\jackson-module-parameter-names\2.18.2\jackson-module-parameter-names-2.18.2.jar;C:\Users\Dell\.m2\repository\org\springframework\boot\spring-boot-starter-tomcat\3.4.1\spring-boot-starter-tomcat-3.4.1.jar;C:\Users\Dell\.m2\repository\org\apache\tomcat\embed\tomcat-embed-core\10.1.34\tomcat-embed-core-10.1.34.jar;C:\Users\Dell\.m2\repository\org\apache\tomcat\embed\tomcat-embed-websocket\10.1.34\tomcat-embed-websocket-10.1.34.jar;C:\Users\Dell\.m2\repository\org\springframework\spring-web\6.2.1\spring-web-6.2.1.jar;C:\Users\Dell\.m2\repository\org\springframework\spring-beans\6.2.1\spring-beans-6.2.1.jar;C:\Users\Dell\.m2\repository\io\micrometer\micrometer-observation\1.14.2\micrometer-observation-1.14.2.jar;C:\Users\Dell\.m2\repository\io\micrometer\micrometer-commons\1.14.2\micrometer-commons-1.14.2.jar;C:\Users\Dell\.m2\repository\org\springframework\spring-webmvc\6.2.1\spring-webmvc-6.2.1.jar;C:\Users\Dell\.m2\repository\org\springframework\spring-context\6.2.1\spring-context-6.2.1.jar;C:\Users\Dell\.m2\repository\org\springframework\spring-expression\6.2.1\spring-expression-6.2.1.jar;C:\Users\Dell\.m2\repository\org\springframework\boot\spring-boot-starter-data-jpa\3.4.1\spring-boot-starter-data-jpa-3.4.1.jar;C:\Users\Dell\.m2\repository\org\springframework\boot\spring-boot-starter-jdbc\3.4.1\spring-boot-starter-jdbc-3.4.1.jar;C:\Users\Dell\.m2\repository\com\zaxxer\HikariCP\5.1.0\HikariCP-5.1.0.jar;C:\Users\Dell\.m2\repository\org\springframework\spring-jdbc\6.2.1\spring-jdbc-6.2.1.jar;C:\Users\Dell\.m2\repository\org\hibernate\orm\hibernate-core\6.6.4.Final\hibernate-core-6.6.4.Final.jar;C:\Users\Dell\.m2\repository\jakarta\persistence\jakarta.persistence-api\3.1.0\jakarta.persistence-api-3.1.0.jar;C:\Users\Dell\.m2\repository\jakarta\transaction\jakarta.transaction-api\2.0.1\jakarta.transaction-api-2.0.1.jar;C:\Users\Dell\.m2\repository\org\jboss\logging\jboss-logging\3.6.1.Final\jboss-logging-3.6.1.Final.jar;C:\Users\Dell\.m2\repository\org\hibernate\common\hibernate-commons-annotations\7.0.3.Final\hibernate-commons-annotations-7.0.3.Final.jar;C:\Users\Dell\.m2\repository\io\smallrye\jandex\3.2.0\jandex-3.2.0.jar;C:\Users\Dell\.m2\repository\com\fasterxml\classmate\1.7.0\classmate-1.7.0.jar;C:\Users\Dell\.m2\repository\org\glassfish\jaxb\jaxb-runtime\4.0.5\jaxb-runtime-4.0.5.jar;C:\Users\Dell\.m2\repository\org\glassfish\jaxb\jaxb-core\4.0.5\jaxb-core-4.0.5.jar;C:\Users\Dell\.m2\repository\org\eclipse\angus\angus-activation\2.0.2\angus-activation-2.0.2.jar;C:\Users\Dell\.m2\repository\org\glassfish\jaxb\txw2\4.0.5\txw2-4.0.5.jar;C:\Users\Dell\.m2\repository\com\sun\istack\istack-commons-runtime\4.1.2\istack-commons-runtime-4.1.2.jar;C:\Users\Dell\.m2\repository\jakarta\inject\jakarta.inject-api\2.0.1\jakarta.inject-api-2.0.1.jar;C:\Users\Dell\.m2\repository\org\antlr\antlr4-runtime\4.13.0\antlr4-runtime-4.13.0.jar;C:\Users\Dell\.m2\repository\org\springframework\data\spring-data-jpa\3.4.1\spring-data-jpa-3.4.1.jar;C:\Users\Dell\.m2\repository\org\springframework\data\spring-data-commons\3.4.1\spring-data-commons-3.4.1.jar;C:\Users\Dell\.m2\repository\org\springframework\spring-orm\6.2.1\spring-orm-6.2.1.jar;C:\Users\Dell\.m2\repository\org\springframework\spring-tx\6.2.1\spring-tx-6.2.1.jar;C:\Users\Dell\.m2\repository\org\slf4j\slf4j-api\2.0.16\slf4j-api-2.0.16.jar;C:\Users\Dell\.m2\repository\org\springframework\spring-aspects\6.2.1\spring-aspects-6.2.1.jar;C:\Users\Dell\.m2\repository\org\aspectj\aspectjweaver\1.9.22.1\aspectjweaver-1.9.22.1.jar;C:\Users\Dell\.m2\repository\org\springframework\boot\spring-boot-starter-validation\3.4.1\spring-boot-starter-validation-3.4.1.jar;C:\Users\Dell\.m2\repository\org\apache\tomcat\embed\tomcat-embed-el\10.1.34\tomcat-embed-el-10.1.34.jar;C:\Users\Dell\.m2\repository\org\hibernate\validator\hibernate-validator\8.0.2.Final\hibernate-validator-8.0.2.Final.jar;C:\Users\Dell\.m2\repository\jakarta\validation\jakarta.validation-api\3.0.2\jakarta.validation-api-3.0.2.jar;C:\Users\Dell\.m2\repository\org\postgresql\postgresql\42.7.4\postgresql-42.7.4.jar;C:\Users\Dell\.m2\repository\org\checkerframework\checker-qual\3.42.0\checker-qual-3.42.0.jar;C:\Users\Dell\.m2\repository\org\springframework\boot\spring-boot-starter-security\3.4.1\spring-boot-starter-security-3.4.1.jar;C:\Users\Dell\.m2\repository\org\springframework\spring-aop\6.2.1\spring-aop-6.2.1.jar;C:\Users\Dell\.m2\repository\org\springframework\security\spring-security-config\6.4.2\spring-security-config-6.4.2.jar;C:\Users\Dell\.m2\repository\org\springframework\security\spring-security-core\6.4.2\spring-security-core-6.4.2.jar;C:\Users\Dell\.m2\repository\org\springframework\security\spring-security-crypto\6.4.2\spring-security-crypto-6.4.2.jar;C:\Users\Dell\.m2\repository\org\springframework\security\spring-security-web\6.4.2\spring-security-web-6.4.2.jar;C:\Users\Dell\.m2\repository\io\jsonwebtoken\jjwt-api\0.11.5\jjwt-api-0.11.5.jar;C:\Users\Dell\.m2\repository\io\jsonwebtoken\jjwt-impl\0.11.5\jjwt-impl-0.11.5.jar;C:\Users\Dell\.m2\repository\io\jsonwebtoken\jjwt-jackson\0.11.5\jjwt-jackson-0.11.5.jar;C:\Users\Dell\.m2\repository\com\fasterxml\jackson\core\jackson-databind\2.18.2\jackson-databind-2.18.2.jar;C:\Users\Dell\.m2\repository\com\fasterxml\jackson\core\jackson-annotations\2.18.2\jackson-annotations-2.18.2.jar;C:\Users\Dell\.m2\repository\com\fasterxml\jackson\core\jackson-core\2.18.2\jackson-core-2.18.2.jar;C:\Users\Dell\.m2\repository\org\springdoc\springdoc-openapi-starter-webmvc-ui\2.8.6\springdoc-openapi-starter-webmvc-ui-2.8.6.jar;C:\Users\Dell\.m2\repository\org\springdoc\springdoc-openapi-starter-webmvc-api\2.8.6\springdoc-openapi-starter-webmvc-api-2.8.6.jar;C:\Users\Dell\.m2\repository\org\springdoc\springdoc-openapi-starter-common\2.8.6\springdoc-openapi-starter-common-2.8.6.jar;C:\Users\Dell\.m2\repository\io\swagger\core\v3\swagger-core-jakarta\2.2.29\swagger-core-jakarta-2.2.29.jar;C:\Users\Dell\.m2\repository\org\apache\commons\commons-lang3\3.17.0\commons-lang3-3.17.0.jar;C:\Users\Dell\.m2\repository\io\swagger\core\v3\swagger-annotations-jakarta\2.2.29\swagger-annotations-jakarta-2.2.29.jar;C:\Users\Dell\.m2\repository\io\swagger\core\v3\swagger-models-jakarta\2.2.29\swagger-models-jakarta-2.2.29.jar;C:\Users\Dell\.m2\repository\com\fasterxml\jackson\dataformat\jackson-dataformat-yaml\2.18.2\jackson-dataformat-yaml-2.18.2.jar;C:\Users\Dell\.m2\repository\org\webjars\swagger-ui\5.20.1\swagger-ui-5.20.1.jar;C:\Users\Dell\.m2\repository\org\webjars\webjars-locator-lite\1.0.1\webjars-locator-lite-1.0.1.jar;C:\Users\Dell\.m2\repository\org\jspecify\jspecify\1.0.0\jspecify-1.0.0.jar;C:\Users\Dell\.m2\repository\org\springframework\boot\spring-boot-devtools\3.4.1\spring-boot-devtools-3.4.1.jar;C:\Users\Dell\.m2\repository\org\springframework\boot\spring-boot\3.4.1\spring-boot-3.4.1.jar;C:\Users\Dell\.m2\repository\org\springframework\boot\spring-boot-autoconfigure\3.4.1\spring-boot-autoconfigure-3.4.1.jar;C:\Users\Dell\.m2\repository\jakarta\xml\bind\jakarta.xml.bind-api\4.0.2\jakarta.xml.bind-api-4.0.2.jar;C:\Users\Dell\.m2\repository\jakarta\activation\jakarta.activation-api\2.1.3\jakarta.activation-api-2.1.3.jar;C:\Users\Dell\.m2\repository\org\springframework\spring-core\6.2.1\spring-core-6.2.1.jar;C:\Users\Dell\.m2\repository\org\springframework\spring-jcl\6.2.1\spring-jcl-6.2.1.jar;C:\Users\Dell\.m2\repository\net\bytebuddy\byte-buddy\1.15.11\byte-buddy-1.15.11.jar
Launcher Type: SUN_STANDARD

[Global flags]
     intx CICompilerCount                          = 4                                         {product} {ergonomic}
     uint ConcGCThreads                            = 2                                         {product} {ergonomic}
     uint G1ConcRefinementThreads                  = 8                                         {product} {ergonomic}
   size_t G1HeapRegionSize                         = 4194304                                   {product} {ergonomic}
    uintx GCDrainStackTargetSize                   = 64                                        {product} {ergonomic}
   size_t InitialHeapSize                          = 331350016                                 {product} {ergonomic}
   size_t MarkStackSize                            = 4194304                                   {product} {ergonomic}
   size_t MaxHeapSize                              = 5301600256                                {product} {ergonomic}
   size_t MaxNewSize                               = 3179282432                                {product} {ergonomic}
   size_t MinHeapDeltaBytes                        = 4194304                                   {product} {ergonomic}
   size_t MinHeapSize                              = 8388608                                   {product} {ergonomic}
    uintx NonNMethodCodeHeapSize                   = 5839372                                {pd product} {ergonomic}
    uintx NonProfiledCodeHeapSize                  = 122909434                              {pd product} {ergonomic}
    uintx ProfiledCodeHeapSize                     = 122909434                              {pd product} {ergonomic}
    uintx ReservedCodeCacheSize                    = 251658240                              {pd product} {ergonomic}
     bool SegmentedCodeCache                       = true                                      {product} {ergonomic}
     bool ShowCodeDetailsInExceptionMessages       = true                                   {manageable} {command line}
   size_t SoftMaxHeapSize                          = 5301600256                             {manageable} {ergonomic}
     bool UseCompressedOops                        = true                           {product lp64_product} {ergonomic}
     bool UseG1GC                                  = true                                      {product} {ergonomic}
     bool UseLargePagesIndividualAllocation        = false                                  {pd product} {ergonomic}

Logging:
Log output configuration:
 #0: stdout all=warning uptime,level,tags foldmultilines=false
 #1: stderr all=off uptime,level,tags foldmultilines=false

Release file:
JAVA_VERSION="21.0.10" 
MODULES="java.base java.compiler java.datatransfer java.xml java.prefs java.desktop java.instrument java.logging java.management java.security.sasl java.naming java.rmi java.management.rmi java.net.http java.scripting java.security.jgss java.transaction.xa java.sql java.sql.rowset java.xml.crypto java.se java.smartcardio jdk.accessibility jdk.internal.jvmstat jdk.attach jdk.charsets jdk.internal.opt jdk.zipfs jdk.compiler jdk.crypto.ec jdk.crypto.cryptoki jdk.crypto.mscapi jdk.dynalink jdk.internal.ed jdk.editpad jdk.hotspot.agent jdk.httpserver jdk.internal.le jdk.internal.vm.ci jdk.internal.vm.compiler jdk.internal.vm.compiler.management jdk.jartool jdk.javadoc jdk.jcmd jdk.management jdk.management.agent jdk.jconsole jdk.jdeps jdk.jdwp.agent jdk.jdi jdk.jfr jdk.jshell jdk.jsobject jdk.jstatd jdk.localedata jdk.management.jfr jdk.naming.dns jdk.naming.rmi jdk.net jdk.nio.mapmode jdk.random jdk.sctp jdk.security.auth jdk.security.jgss jdk.unsupported jdk.unsupported.desktop jdk.xml.dom" 

Environment Variables:
JAVA_HOME=C:\Program Files\Eclipse Adoptium\jdk-25.0.2.10-hotspot
PATH=C:/Users/Dell/.p2/pool/plugins/org.eclipse.justj.openjdk.hotspot.jre.full.win32.x86_64_21.0.10.v20260205-0638/jre/bin/server;C:/Users/Dell/.p2/pool/plugins/org.eclipse.justj.openjdk.hotspot.jre.full.win32.x86_64_21.0.10.v20260205-0638/jre/bin;C:\Program Files\Eclipse Adoptium\jdk-25.0.2.10-hotspot\bin;C:\Python314\Scripts\;C:\Python314\;C:\Users\Dell\Desktop\WINDOWS.X64_193000_db_home\bin;C:\app\client\Dell\product\19.0.0\client_1\bin;C:\Program Files (x86)\Common Files\Oracle\Java\java8path;C:\Program Files (x86)\Common Files\Oracle\Java\javapath;C:\WINDOWS\system32;C:\WINDOWS;C:\WINDOWS\System32\Wbem;C:\WINDOWS\System32\WindowsPowerShell\v1.0\;C:\WINDOWS\System32\OpenSSH\;C:\Program Files\Microsoft SQL Server\150\Tools\Binn\;C:\Program Files\Microsoft SQL Server\Client SDK\ODBC\170\Tools\Binn\;C:\Program Files\dotnet\;C:\Program Files (x86)\ZeroTier\One\;C:\Program Files\nodejs\;C:\ProgramData\chocolatey\bin;C:\builTools\apache-maven-3.9.14bin;C:\builTools\apache-maven-3.9.14\bin;C:\Program Files\Git\cmd;D:\apache-maven-3.9.14-bin (1).zip\apache-maven-3.9.14\bin;C:\apache-maven-3.9.14-bin (1).zip\apache-maven-3.9.14\bin;C:\apache-maven-3.9.14-bin (1)\apache-maven-3.9.14\bin;C:\Program Files\Docker\Docker\resources\bin;%JAVA_HOME%\bin;C:\Users\Dell\AppData\Local\Programs\Python\Launcher\;C:\Users\Dell\AppData\Local\Microsoft\WindowsApps;C:\Users\Dell\.dotnet\tools;C:\Users\Dell\AppData\Local\Programs\Microsoft VS Code\bin;C:\Users\Dell\AppData\Roaming\npm;C:\Users\Dell\AppData\Local\Programs\cursor\resources\app\bin;C:\Users\Dell\Desktop;
USERNAME=Dell
OS=Windows_NT
PROCESSOR_IDENTIFIER=Intel64 Family 6 Model 140 Stepping 1, GenuineIntel
TMP=C:\Users\Dell\AppData\Local\Temp
TEMP=C:\Users\Dell\AppData\Local\Temp




Periodic native trim disabled

---------------  S Y S T E M  ---------------

OS:
 Windows 11 , 64 bit Build 26100 (10.0.26100.8875)
OS uptime: 15 days 1:32 hours
Hyper-V role detected

CPU: total 8 (initial active 8) (4 cores per cpu, 2 threads per core) family 6 model 140 stepping 1 microcode 0xbe, cx8, cmov, fxsr, ht, mmx, 3dnowpref, sse, sse2, sse3, ssse3, sse4.1, sse4.2, popcnt, lzcnt, tsc, tscinvbit, avx, avx2, aes, erms, clmul, bmi1, bmi2, adx, avx512f, avx512dq, avx512cd, avx512bw, avx512vl, sha, fma, vzeroupper, avx512_vpopcntdq, avx512_vpclmulqdq, avx512_vaes, avx512_vnni, clflush, clflushopt, clwb, avx512_vbmi2, avx512_vbmi, hv, rdtscp, rdpid, fsrm, gfni, avx512_bitalg, f16c, cet_ibt, cet_ss, avx512_ifma
Processor Information for processor 0
  Max Mhz: 2419, Current Mhz: 2419, Mhz Limit: 2419
Processor Information for processor 1
  Max Mhz: 2419, Current Mhz: 2419, Mhz Limit: 2419
Processor Information for processor 2
  Max Mhz: 2419, Current Mhz: 2419, Mhz Limit: 2419
Processor Information for processor 3
  Max Mhz: 2419, Current Mhz: 2419, Mhz Limit: 2419
Processor Information for processor 4
  Max Mhz: 2419, Current Mhz: 2419, Mhz Limit: 2419
Processor Information for processor 5
  Max Mhz: 2419, Current Mhz: 2419, Mhz Limit: 2419
Processor Information for processor 6
  Max Mhz: 2419, Current Mhz: 2419, Mhz Limit: 2419
Processor Information for processor 7
  Max Mhz: 2419, Current Mhz: 1209, Mhz Limit: 2419

Memory: 4k page, system-wide physical 20222M (4447M free)
TotalPageFile size 81662M (AvailPageFile size 0M)
current process WorkingSet (physical memory assigned to process): 353M, peak: 357M
current process commit charge ("private bytes"): 437M, peak: 468M

vm_info: OpenJDK 64-Bit Server VM (21.0.10+7-LTS) for windows-amd64 JRE (21.0.10+7-LTS), built on 2026-01-20T00:00:00Z by "admin" with MS VC++ 17.12 (VS2022)

END.
